(c) Copyright 2012-2015 Xilinx, Inc. All Rights Reserved.
#-----------------------------------------------------------
# Tool version  : sds++ 2015.2.1 20150925
# Start time    : Sat Nov 28 21:05:27 EST 2015
# Command line  : sds++ -sds-pf zc702 -sds-hw cnn cnn.cpp -sds-end -poll-mode 1 -O3 test.o cnn.o -o test.elf
# Log file      : /home/student/sbm99/hldda_project/code/gatesrec_hw3/_sds/reports/sds.log
# Journal file  : /home/student/sbm99/hldda_project/code/gatesrec_hw3/_sds/reports/sds.jou
# Report file   : /home/student/sbm99/hldda_project/code/gatesrec_hw3/_sds/reports/sds.rpt
#-----------------------------------------------------------

# INFO: [SDSoC 0-0] Removing implementation files from previous run
# INFO: [SDSoC 0-0] Analyzing object files
arm-xilinx-linux-gnueabi-objcopy -O binary --set-section-flags .xdinfo=alloc --only-section=.xdinfo /home/student/sbm99/hldda_project/code/gatesrec_hw3/test.o /home/student/sbm99/hldda_project/code/gatesrec_hw3/_sds/.data/xdinfo.xml
arm-xilinx-linux-gnueabi-objcopy -O binary --set-section-flags .xddata=alloc --only-section=.xddata /home/student/sbm99/hldda_project/code/gatesrec_hw3/test.o /home/student/sbm99/hldda_project/code/gatesrec_hw3/_sds/.data/xddata.xml
arm-xilinx-linux-gnueabi-objcopy -O binary --set-section-flags .xdinfo=alloc --only-section=.xdinfo /home/student/sbm99/hldda_project/code/gatesrec_hw3/cnn.o /home/student/sbm99/hldda_project/code/gatesrec_hw3/_sds/.data/xdinfo.xml
arm-xilinx-linux-gnueabi-objcopy -O binary --set-section-flags .xddata=alloc --only-section=.xddata /home/student/sbm99/hldda_project/code/gatesrec_hw3/cnn.o /home/student/sbm99/hldda_project/code/gatesrec_hw3/_sds/.data/xddata.xml
build_xd_ip_db  -sds-pf /work/zhang/common/tools/xilinx/SDSoC/2015.2.1/platforms/zc702/zc702_hw.pfm    -o /home/student/sbm99/hldda_project/code/gatesrec_hw3/_sds/.cdb/xd_ip_db.xml  
# INFO: [SDSoC 0-0] Using prebuilt hardware
cd /home/student/sbm99/hldda_project/code/gatesrec_hw3
# INFO: [SDSoC 0-0] Skipping block diagram (BD), address map, port information and device registration for partition 0
cd /home/student/sbm99/hldda_project/code/gatesrec_hw3/_sds/swstubs
cd /home/student/sbm99/hldda_project/code/gatesrec_hw3
# INFO: [SDSoC 0-0] Prepare hardware access API functions
cd /home/student/sbm99/hldda_project/code/gatesrec_hw3
# INFO: [SDSoC 0-0] Create accelerator stub functions
cd /home/student/sbm99/hldda_project/code/gatesrec_hw3/_sds/swstubs
cd /home/student/sbm99/hldda_project/code/gatesrec_hw3
cd /home/student/sbm99/hldda_project/code/gatesrec_hw3/_sds/swstubs
# INFO: [SDSoC 0-0] Compile hardware access API functions
arm-xilinx-linux-gnueabi-gcc   -I /work/zhang/common/tools/xilinx/SDSoC/2015.2.1/arm-xilinx-linux-gnueabi/include  -I /work/zhang/common/tools/xilinx/SDSoC/2015.2.1/Vivado_HLS/2015.2/include  -c  /home/student/sbm99/hldda_project/code/gatesrec_hw3/_sds/swstubs/devreg.c
arm-xilinx-linux-gnueabi-gcc   -I /work/zhang/common/tools/xilinx/SDSoC/2015.2.1/arm-xilinx-linux-gnueabi/include  -I /work/zhang/common/tools/xilinx/SDSoC/2015.2.1/Vivado_HLS/2015.2/include   -c  /home/student/sbm99/hldda_project/code/gatesrec_hw3/_sds/swstubs/portinfo.c
arm-xilinx-linux-gnueabi-g++   -I /work/zhang/common/tools/xilinx/SDSoC/2015.2.1/arm-xilinx-linux-gnueabi/include  -I /work/zhang/common/tools/xilinx/SDSoC/2015.2.1/Vivado_HLS/2015.2/include  -c  /home/student/sbm99/hldda_project/code/gatesrec_hw3/_sds/swstubs/cf_stub.c
arm-xilinx-linux-gnueabi-ar crs /home/student/sbm99/hldda_project/code/gatesrec_hw3/_sds/swstubs/libxlnk_stub.a /home/student/sbm99/hldda_project/code/gatesrec_hw3/_sds/swstubs/devreg.o /home/student/sbm99/hldda_project/code/gatesrec_hw3/_sds/swstubs/portinfo.o /home/student/sbm99/hldda_project/code/gatesrec_hw3/_sds/swstubs/cf_stub.o
cd /home/student/sbm99/hldda_project/code/gatesrec_hw3/_sds/swstubs
# INFO: [SDSoC 0-0] Compile accelerator stub functions
cd /home/student/sbm99/hldda_project/code/gatesrec_hw3
cd /home/student/sbm99/hldda_project/code/gatesrec_hw3/_sds/swstubs
arm-xilinx-linux-gnueabi-ar crs /home/student/sbm99/hldda_project/code/gatesrec_hw3/_sds/swstubs/libtest.a /home/student/sbm99/hldda_project/code/gatesrec_hw3/_sds/swstubs/devreg.o /home/student/sbm99/hldda_project/code/gatesrec_hw3/_sds/swstubs/portinfo.o /home/student/sbm99/hldda_project/code/gatesrec_hw3/_sds/swstubs/cf_stub.o 
cd /home/student/sbm99/hldda_project/code/gatesrec_hw3
# INFO: [SDSoC 0-0] Link application ELF file
arm-xilinx-linux-gnueabi-g++   /home/student/sbm99/hldda_project/code/gatesrec_hw3/test.o /home/student/sbm99/hldda_project/code/gatesrec_hw3/cnn.o  /home/student/sbm99/hldda_project/code/gatesrec_hw3/_sds/swstubs/devreg.o /home/student/sbm99/hldda_project/code/gatesrec_hw3/_sds/swstubs/portinfo.o -O3   -L /work/zhang/common/tools/xilinx/SDSoC/2015.2.1/arm-xilinx-linux-gnueabi/lib -L/home/student/sbm99/hldda_project/code/gatesrec_hw3/_sds/swstubs -Wl,--start-group  -Wl,--end-group -Wl,--start-group    -lpthread -lsds_lib -lxlnk_stub  -Wl,--end-group -o /home/student/sbm99/hldda_project/code/gatesrec_hw3/_sds/swstubs/test.elf
# ERROR: [SDSoC 0-0] Exiting sds++ : Error when calling 'arm-xilinx-linux-gnueabi-g++   /home/student/sbm99/hldda_project/code/gatesrec_hw3/test.o /home/student/sbm99/hldda_project/code/gatesrec_hw3/cnn.o  /home/student/sbm99/hldda_project/code/gatesrec_hw3/_sds/swstubs/devreg.o /home/student/sbm99/hldda_project/code/gatesrec_hw3/_sds/swstubs/portinfo.o -O3   -L /work/zhang/common/tools/xilinx/SDSoC/2015.2.1/arm-xilinx-linux-gnueabi/lib -L/home/student/sbm99/hldda_project/code/gatesrec_hw3/_sds/swstubs -Wl,--start-group  -Wl,--end-group -Wl,--start-group    -lpthread -lsds_lib -lxlnk_stub  -Wl,--end-group -o /home/student/sbm99/hldda_project/code/gatesrec_hw3/_sds/swstubs/test.elf'
# sds++ completed at Sat Nov 28 21:05:30 EST 2015
